2025-08-13 10:17:23,528 - INFO - === Pipeline start ===
2025-08-13 10:17:23,547 - INFO - Extracted → data/extracted/insurance_claims_raw.csv (rows=1000)
2025-08-13 10:17:23,550 - INFO - Transformed dataframe shape: (1000, 37)
2025-08-13 10:17:23,558 - INFO - Processed saved → data/processed/insurance_claims_cleaned.csv
2025-08-13 10:17:23,567 - INFO - Training LogisticRegression...
2025-08-13 10:17:24,394 - INFO - LogisticRegression metrics saved → data/evaluations/logisticregression_report.json
2025-08-13 10:17:24,394 - INFO - Training RandomForest...
2025-08-13 10:17:24,969 - INFO - RandomForest metrics saved → data/evaluations/randomforest_report.json
2025-08-13 10:17:24,970 - INFO - Metrics summary saved → data/evaluations/metrics_summary.csv
2025-08-13 10:17:24,971 - INFO - Model training & evaluation complete.
2025-08-13 10:17:25,137 - INFO - Visualizations generated.
2025-08-13 10:17:25,137 - INFO - === Pipeline end ===
2025-08-20 23:55:50,290 - INFO - === Pipeline start ===
2025-08-20 23:55:50,290 - INFO - [Extract] Source: insurance_claims.csv
2025-08-20 23:55:50,311 - INFO - [Extract] Loaded local CSV → data/extracted/insurance_claims_raw.csv (rows=1000)
2025-08-20 23:55:50,311 - INFO - [Transform] Starting
2025-08-20 23:55:50,318 - INFO - [Transform] Done. Shape: (1000, 40)
2025-08-20 23:55:50,318 - INFO - [Load] Starting
2025-08-20 23:55:50,326 - INFO - [Load] Saved processed → data/processed/insurance_claims_cleaned.csv
2025-08-20 23:55:50,326 - INFO - [Model] Loading processed data from data/processed/insurance_claims_cleaned.csv
2025-08-20 23:55:50,334 - INFO - [Model] Training LogisticRegression...
2025-08-20 23:55:50,346 - ERROR - Model stage failed.
Traceback (most recent call last):
  File "/Users/vaishiyer/inst414-final-project-vaish-iyer/main.py", line 69, in main
    train_and_compare_models(processed_output, logger=logger)
  File "/Users/vaishiyer/inst414-final-project-vaish-iyer/analysis/model.py", line 114, in train_and_compare_models
    pipeline.fit(X_train, y_train)
  File "/opt/anaconda3/lib/python3.12/site-packages/sklearn/base.py", line 1474, in wrapper
    return fit_method(estimator, *args, **kwargs)
           ^^^^^^^^^^^^^^^^^^^^^^^^^^^^^^^^^^^^^^
  File "/opt/anaconda3/lib/python3.12/site-packages/sklearn/pipeline.py", line 475, in fit
    self._final_estimator.fit(Xt, y, **last_step_params["fit"])
  File "/opt/anaconda3/lib/python3.12/site-packages/sklearn/base.py", line 1474, in wrapper
    return fit_method(estimator, *args, **kwargs)
           ^^^^^^^^^^^^^^^^^^^^^^^^^^^^^^^^^^^^^^
  File "/opt/anaconda3/lib/python3.12/site-packages/sklearn/linear_model/_logistic.py", line 1201, in fit
    X, y = self._validate_data(
           ^^^^^^^^^^^^^^^^^^^^
  File "/opt/anaconda3/lib/python3.12/site-packages/sklearn/base.py", line 650, in _validate_data
    X, y = check_X_y(X, y, **check_params)
           ^^^^^^^^^^^^^^^^^^^^^^^^^^^^^^^
  File "/opt/anaconda3/lib/python3.12/site-packages/sklearn/utils/validation.py", line 1263, in check_X_y
    X = check_array(
        ^^^^^^^^^^^^
  File "/opt/anaconda3/lib/python3.12/site-packages/sklearn/utils/validation.py", line 963, in check_array
    array = _ensure_sparse_format(
            ^^^^^^^^^^^^^^^^^^^^^^
  File "/opt/anaconda3/lib/python3.12/site-packages/sklearn/utils/validation.py", line 631, in _ensure_sparse_format
    _assert_all_finite(
  File "/opt/anaconda3/lib/python3.12/site-packages/sklearn/utils/validation.py", line 126, in _assert_all_finite
    _assert_all_finite_element_wise(
  File "/opt/anaconda3/lib/python3.12/site-packages/sklearn/utils/validation.py", line 175, in _assert_all_finite_element_wise
    raise ValueError(msg_err)
ValueError: Input X contains NaN.
LogisticRegression does not accept missing values encoded as NaN natively. For supervised learning, you might want to consider sklearn.ensemble.HistGradientBoostingClassifier and Regressor which accept missing values encoded as NaNs natively. Alternatively, it is possible to preprocess the data, for instance by using an imputer transformer in a pipeline or drop samples with missing values. See https://scikit-learn.org/stable/modules/impute.html You can find a list of all estimators that handle NaN values at the following page: https://scikit-learn.org/stable/modules/impute.html#estimators-that-handle-nan-values
2025-08-20 23:55:50,350 - INFO - [Vis] Generating visuals
2025-08-20 23:55:51,232 - INFO - [Vis] Visualizations saved to data/outputs
2025-08-20 23:55:51,233 - INFO - === Pipeline end ===
